// Jest Snapshot v1, https://goo.gl/fbAQLP

exports[`<TemplateDetail /> spec render component 1`] = `
<div>
  <div>
    <div
      class="euiFlexGroup euiFlexGroup--gutterLarge euiFlexGroup--alignItemsCenter euiFlexGroup--directionRow euiFlexGroup--responsive"
    >
      <div
        class="euiText"
      >
        <h1>
          Create component template
        </h1>
      </div>
      <div
        class="euiFormRow euiFormRow--compressed"
        id="some_html_id-row"
      >
        <div
          class="euiFormRow__fieldWrapper"
        >
          <div
            class="euiFormHelpText euiFormRow__text"
            style="padding-top: 0px; padding-bottom: 4px;"
          >
            <div>
              Must be in lowercase letters. Cannot begin with underscores. Spaces, commas, and characters *, # are not allowed.
            </div>
          </div>
        </div>
      </div>
    </div>
  </div>
  <div
    class="euiSpacer euiSpacer--l"
  />
  <div
    class="euiPanel euiPanel--paddingMedium euiPanel--borderRadiusMedium euiPanel--plain euiPanel--hasShadow"
  >
    <div
      class="euiFlexGroup euiFlexGroup--gutterLarge euiFlexGroup--alignItemsFlexStart euiFlexGroup--justifyContentSpaceBetween euiFlexGroup--directionRow euiFlexGroup--responsive"
      style="padding: 0px 16px;"
    >
      <div
        class="euiText euiText--small"
      >
        <div
          class="euiText euiText--small"
        >
          <h1>
            Define component template
            <span
              class="panel-header-count"
            >
               
               
            </span>
          </h1>
        </div>
      </div>
    </div>
    <hr
      class="euiHorizontalRule euiHorizontalRule--full euiHorizontalRule--marginXSmall"
    />
    <div
      style="padding: 0px 16px;"
    >
      <div
        class="euiFormRow euiFormRow--compressed"
        data-test-subj="form-row-_meta.description"
        id="some_html_id-row"
      >
        <div
          class="euiFormRow__labelWrapper"
        >
          <label
            aria-invalid="false"
            class="euiFormLabel euiFormRow__label"
            for="some_html_id"
          >
            <div
              class="euiText euiText--small"
            >
              <h3>
                Description - 
                <i>
                  optional
                </i>
              </h3>
            </div>
          </label>
        </div>
        <div
          class="euiFormRow__fieldWrapper"
        >
          <div
            class="euiFormHelpText euiFormRow__text"
            style="padding-top: 0px; padding-bottom: 4px;"
          >
            Describe the purpose or contents to help you identify this component.
          </div>
          <span
            class="euiToolTipAnchor euiToolTipAnchor--displayBlock"
          >
            <div
              class="euiFormControlLayout euiFormControlLayout--compressed"
            >
              <div
                class="euiFormControlLayout__childrenWrapper"
              >
                <input
                  class="euiFieldText euiFieldText--compressed"
                  type="text"
                  value=""
                />
              </div>
            </div>
          </span>
        </div>
      </div>
    </div>
    <div
      class="euiSpacer euiSpacer--l"
    />
    <div
      class="euiPanel euiPanel--paddingMedium euiPanel--borderRadiusMedium euiPanel--plain euiPanel--hasShadow"
      style="padding: 0px 0px 0px 0px;"
    >
      <div
        class="euiFlexGroup euiFlexGroup--gutterLarge euiFlexGroup--alignItemsFlexStart euiFlexGroup--justifyContentSpaceBetween euiFlexGroup--directionRow euiFlexGroup--responsive"
        style="margin-top: 0px; margin-bottom: 0px; padding: 0px 16px;"
      >
        <div
          class="euiFlexItem"
        >
          <div
            class="euiFormRow euiFormRow--fullWidth euiFormRow--compressed"
            id="some_html_id-row"
          >
            <div
              class="euiFormRow__labelWrapper"
            >
              <label
                class="euiFormLabel euiFormRow__label"
                for="some_html_id"
              >
                <div
                  class="euiText euiText--small"
                >
                  <h2
                    class="euiTitle euiTitle--medium"
                  >
                    Index alias
                  </h2>
                </div>
              </label>
            </div>
            <div
              class="euiFormRow__fieldWrapper"
            >
              <div
                class="euiFormHelpText euiFormRow__text"
                style="padding-top: 0px; padding-bottom: 4px;"
              >
                Allow the new indexes to be referenced by existing aliases or specify a new alias.
              </div>
            </div>
          </div>
        </div>
        <div
          class="euiFlexItem euiFlexItem--flexGrowZero"
        >
          <div
            class="euiFlexGroup euiFlexGroup--gutterLarge euiFlexGroup--alignItemsCenter euiFlexGroup--justifyContentSpaceBetween euiFlexGroup--directionRow euiFlexGroup--responsive"
          >
            <div
              class="euiFlexItem"
            >
              <div>
                <span
                  class="euiToolTipAnchor euiToolTipAnchor--displayBlock"
                >
                  <div>
                    <div
                      class="euiSwitch euiSwitch--primary euiSwitch--compressed"
                    >
                      <button
                        aria-checked="false"
                        aria-labelledby="some_html_id"
                        class="euiSwitch__button"
                        id="some_html_id"
                        role="switch"
                        type="button"
                      >
                        <span
                          class="euiSwitch__body"
                        >
                          <span
                            class="euiSwitch__thumb"
                          />
                          <span
                            class="euiSwitch__track"
                          />
                        </span>
                      </button>
                      <span
                        class="euiSwitch__label"
                        id="some_html_id"
                      >
                        Use configuration
                      </span>
                    </div>
                  </div>
                </span>
              </div>
            </div>
          </div>
        </div>
      </div>
      <hr
        class="euiHorizontalRule euiHorizontalRule--full"
      />
    </div>
    <div
      class="euiSpacer euiSpacer--l"
    />
    <div
      class="euiPanel euiPanel--paddingMedium euiPanel--borderRadiusMedium euiPanel--plain euiPanel--hasShadow"
      style="padding: 0px 0px 0px 0px;"
    >
      <div
        class="euiFlexGroup euiFlexGroup--gutterLarge euiFlexGroup--alignItemsFlexStart euiFlexGroup--justifyContentSpaceBetween euiFlexGroup--directionRow euiFlexGroup--responsive"
        style="margin-top: 0px; margin-bottom: 0px; padding: 0px 16px;"
      >
        <div
          class="euiFlexItem"
        >
          <div
            class="euiText euiText--small"
          >
            <h2
              class="euiTitle euiTitle--medium"
            >
              Index settings
            </h2>
          </div>
        </div>
        <div
          class="euiFlexItem euiFlexItem--flexGrowZero"
        >
          <div
            class="euiFlexGroup euiFlexGroup--gutterLarge euiFlexGroup--alignItemsCenter euiFlexGroup--justifyContentSpaceBetween euiFlexGroup--directionRow euiFlexGroup--responsive"
          >
            <div
              class="euiFlexItem"
            >
              <div>
                <span
                  class="euiToolTipAnchor euiToolTipAnchor--displayBlock"
                >
                  <div>
                    <div
                      class="euiSwitch euiSwitch--primary euiSwitch--compressed"
                    >
                      <button
                        aria-checked="false"
                        aria-labelledby="some_html_id"
                        class="euiSwitch__button"
                        id="some_html_id"
                        role="switch"
                        type="button"
                      >
                        <span
                          class="euiSwitch__body"
                        >
                          <span
                            class="euiSwitch__thumb"
                          />
                          <span
                            class="euiSwitch__track"
                          />
                        </span>
                      </button>
                      <span
                        class="euiSwitch__label"
                        id="some_html_id"
                      >
                        Use configuration
                      </span>
                    </div>
                  </div>
                </span>
              </div>
            </div>
          </div>
        </div>
      </div>
      <hr
        class="euiHorizontalRule euiHorizontalRule--full"
      />
    </div>
    <div
      class="euiSpacer euiSpacer--l"
    />
    <div
      class="euiPanel euiPanel--paddingMedium euiPanel--borderRadiusMedium euiPanel--plain euiPanel--hasShadow"
      style="padding: 0px 0px 0px 0px;"
    >
      <div
        class="euiFlexGroup euiFlexGroup--gutterLarge euiFlexGroup--alignItemsFlexStart euiFlexGroup--justifyContentSpaceBetween euiFlexGroup--directionRow euiFlexGroup--responsive"
        style="margin-top: 0px; margin-bottom: 0px; padding: 0px 16px;"
      >
        <div
          class="euiFlexItem"
        >
          <div
            class="euiText euiText--small"
          >
            <h2
              class="euiTitle euiTitle--medium"
            >
              Index mapping
            </h2>
          </div>
          <div
            class="euiFormRow euiFormRow--fullWidth euiFormRow--compressed"
            id="some_html_id-row"
          >
            <div
              class="euiFormRow__fieldWrapper"
            >
              <div
                class="euiFormHelpText euiFormRow__text"
                id="some_html_id-help-0"
              >
                <div>
                  Index alias
                </div>
              </div>
            </div>
          </div>
        </div>
        <div
          class="euiFlexItem euiFlexItem--flexGrowZero"
        >
          <div
            class="euiFlexGroup euiFlexGroup--gutterLarge euiFlexGroup--alignItemsCenter euiFlexGroup--justifyContentSpaceBetween euiFlexGroup--directionRow euiFlexGroup--responsive"
          >
            <div
              class="euiFlexItem"
            >
              <span
                class="euiToolTipAnchor euiToolTipAnchor--displayBlock"
              >
                <div>
                  <div
                    class="euiSwitch euiSwitch--primary euiSwitch--compressed"
                  >
                    <button
                      aria-checked="false"
                      aria-labelledby="some_html_id"
                      class="euiSwitch__button"
                      id="some_html_id"
                      role="switch"
                      type="button"
                    >
                      <span
                        class="euiSwitch__body"
                      >
                        <span
                          class="euiSwitch__thumb"
                        />
                        <span
                          class="euiSwitch__track"
                        />
                      </span>
                    </button>
                    <span
                      class="euiSwitch__label"
                      id="some_html_id"
                    >
                      Use configuration
                    </span>
                  </div>
                </div>
              </span>
            </div>
          </div>
        </div>
      </div>
      <hr
        class="euiHorizontalRule euiHorizontalRule--full"
      />
    </div>
    <div
      class="euiSpacer euiSpacer--l"
    />
    <div
      class="euiFlexGroup euiFlexGroup--gutterSmall euiFlexGroup--alignItemsCenter euiFlexGroup--justifyContentFlexEnd euiFlexGroup--directionRow euiFlexGroup--responsive"
    >
      <div
        class="euiFlexItem"
      >
        <div
          class="euiText euiText--small"
        >
          <h1>
            Index settings
            <span
              class="panel-header-count"
            >
               
               
            </span>
          </h1>
        </div>
      </div>
      <div
        class="euiFlexItem euiFlexItem--flexGrowZero"
      >
        <button
          class="euiButtonEmpty euiButtonEmpty--primary euiButtonEmpty--small"
          data-test-subj="CreateComposableTemplateCancelButton"
          type="button"
        >
          <span
            class="euiButtonContent euiButtonEmpty__content"
          >
            <span
              class="euiButtonEmpty__text"
            >
              Cancel
            </span>
          </span>
        </button>
      </div>
      <div
        class="euiFlexItem euiFlexItem--flexGrowZero"
      >
        <button
          class="euiButton euiButton--primary euiButton--small euiButton--fill"
          data-test-subj="CreateComposableTemplateCreateButton"
          type="button"
        >
          <span
            class="euiButtonContent euiButton__content"
          >
            <span
              class="euiButton__text"
            >
              Create component template
            </span>
          </span>
        </button>
      </div>
    </div>
  </div>
</div>
`;
